ABORT(FOX)
Parameter entity copy cannot have both a PEdef and an External ID
