ABORT(FOX)
Tried to close XML file which is not open
