ABORT(FOX)
Tried to output invalid CDATA: characters]]>
