ERROR(wxml) in writing to file 
test.xml
Root element name does not match DTD
