ERROR(FoX)
Attempt to assign incorrect URI to prefix 'xml'
