ABORT(FOX)
Tried to manipulate an XML File which is not open
