ERROR(wxml) in writing to file 
test.xml
Two root elements: root2
