ABORT(FOX)
Trying to reopen an already-open XML file
