ERROR(wxml) in writing to file 
test.xml
Namespace prefix not registered: toby
