ERROR(FoX)
cannot undeclare prefixed namespaces in XML 1.0
