ERROR(wxml) in writing to file 
test.xml
namespace prefix not registered: toby
