ERROR(wxml) in writing to file 
test.xml
Tried to output invalid PI data lalala?>
