ERROR(FoX)
Tried to output invalid comment invalid -- comment
