ABORT(FOX)
Parameter entity copy must have either a PEdef or an External ID
