FoX error made fatal
ABORT(FOX)
Invalid Element Name !root
