ABORT(FOX)
Tried to add text section in wrong place: characters
