ERROR(wxml) in writing to file 
test.xml
duplicate pseudo-attribute name: att
