ABORT(FOX)
Cannot define Parameter Entity here: copy
