ERROR(wxml) in writing to file 
test.xml
adding namespace outside element content
