ERROR(FoX)
xml_AddDOCTYPE: PUBLIC supplied without SYSTEM for: html
