ERROR(wxml) in writing to file 
test.xml
Invalid pseudo-attribute value: value?>
