ERROR(wxml) in writing to file 
test.xml
attributes outside element content: att
