 test.0.1.1
 test.0.1.2
 test.0.1.3
 test.0.1.4
 test.0.1.5
 test.0.2.1
 test.0.2.2
 test.0.2.3
 test.0.2.4
 test.0.2.5
 test.0.2.6
 test.0.2.7
 test.0.2.8
 test.0.2.9
 test.0.2.10
 test.0.3.1
 test.0.3.2
 test.0.3.3
 test.0.4.1
 test.0.4.2
 test.0.4.3
 test.0.5.1
 test.0.5.2
 test.0.5.3
 test.0.6.1
 test.0.6.2
 test.0.6.3
 test.0.7.1
 test.0.7.2
 test.0.7.3
 test.1.1.1
 test.1.1.2
 test.1.1.3
 test.1.2.1
 test.1.2.2
 test.1.2.3
 test.1.2.4
 test.1.2.5
 test.1.2.6
 test.1.2.7
 test.1.2.8
 test.1.2.9
 test.1.2.10
 test.1.2.11
 test.1.2.12
 test.1.2.13
 test.1.3.1
 test.1.3.2
 test.1.3.3
 test.1.4.1
 test.1.4.2
 test.1.4.3
 test.1.4.4
 test.1.4.5
 test.2.1.1
 test.2.1.2
 test.2.1.3
 test.2.1.4
 test.2.1.5
 test.2.2.1
 test.2.2.2
 test.2.2.3
 test.3.1.1
 test.3.1.2
 test.3.1.3
 test.3.1.4
 test.3.1.5
 test.3.1.6
 test.4.1.1
 test.4.1.2
 test.4.1.3
 test.4.1.4
 test.4.1.5
 test.4.1.6
 test.5.1.1
 test.5.1.2
 test.5.1.3
 test.5.1.4
 test.5.1.5
 test.5.1.6
 test.6.1.1
 test.6.1.2
 test.6.1.3
 test.6.1.4
 test.6.1.5
 test.6.1.6
