F
F
T
F
T
T
F
F
F
T
F
T
T
F
F
T
T
T
T
T
F
F
T
T
T
T
T
F
