ERROR(FoX)
The two atomRefs in a bond must be different
