ERROR(FoX)
Cannot do cmlAddNamespace after starting CML output
