 Version 0
 OK (is null)
 Version 1
 OK
 Version 2
 OK (not implemented)
 Version 3
 OK (not implemented)
 Version 4
 OK
 Version 5
 OK (not implemented)
