 http://a/b/c/d;p                                                                                    

 http://a/g                                                                                          

 http://a/g                                                                                          

 http://a/g                                                                                          

 http://a/g                                                                                          

 http://a/b/c/g.                                                                                     

 http://a/b/c/.g                                                                                     

 http://a/b/c/g..                                                                                    

 http://a/b/c/..g                                                                                    

 http://a/b/g                                                                                        

 http://a/b/c/g/                                                                                     

 http://a/b/c/g/h                                                                                    

 http://a/b/c/h                                                                                      

 http://a/b/c/g;x=1/y                                                                                

 http://a/b/c/y                                                                                      

 http://a/b/c/g?y/./x                                                                                

 http://a/b/c/g?y/../x                                                                               

 http://a/b/c/g#s/./x                                                                                

 http://a/b/c/g#s/../x                                                                               

 http:g                                                                                              

