 Cannot specify more than one of color, colorhex, and colorname
