ERROR(FoX)
Cannot specify 3-dimensional coords with separate altitude in kmlCreateLine
