ERROR(FoX)
Can only add an inner boundary inside a polygon
