 Z90000FF
           1
 Invalid color value
           0
