ERROR(wxml) in writing to file 
test.xml
Trying to close Document but Folder is open. Either you have failed to open Document or you have failed to close Folder.
