ERROR(FoX)
coords array first dimension is wrong in kmlAddInnerBoundary - must be 2 or 3
