ERROR(FoX)
Incommensurate sizes for longitude and altitude arrays in kmlCreateLine
