ERROR(FoX)
Invalid value for colormode in kmlAddColorMode
