ERROR(FoX)
Invalid index in kmlGetColor (by index)
